<cfdi:Addenda xmlns:cfdi="http://www.sat.gob.mx/cfd/3">
    <Documento>
    </Documento>
</cfdi:Addenda>
